// Jest Snapshot v1, https://goo.gl/fbAQLP

exports[`Reporter handles "Error" signature correctly 1`] = `
{
  "level": "error",
  "message": "Error",
  "stack": Any<Array>,
}
`;

exports[`Reporter handles "String" signature correctly 1`] = `
[
  {
    "level": "error",
    "message": "Test log",
  },
]
`;
